exports[`test block offending rule 1`] = `
Array [
  Object {
    "column": 10,
    "line": 8,
    "ruleId": "react/no-unused-prop-types",
    "severity": 1,
  },
  Object {
    "column": 16,
    "line": 13,
    "ruleId": "flowtype/object-type-delimiter",
    "severity": 2,
  },
  Object {
    "column": 10,
    "line": 15,
    "ruleId": "react/no-unused-prop-types",
    "severity": 1,
  },
  Object {
    "column": 16,
    "line": 19,
    "ruleId": "flowtype/require-parameter-type",
    "severity": 1,
  },
  Object {
    "column": 10,
    "line": 21,
    "ruleId": "react/react-in-jsx-scope",
    "severity": 2,
  },
  Object {
    "column": 7,
    "line": 27,
    "ruleId": "no-unused-vars",
    "severity": 2,
  },
  Object {
    "column": 16,
    "line": 27,
    "ruleId": "react/no-multi-comp",
    "severity": 1,
  },
  Object {
    "column": 10,
    "line": 31,
    "ruleId": "react/react-in-jsx-scope",
    "severity": 2,
  },
  Object {
    "column": 33,
    "line": 31,
    "ruleId": "react/prop-types",
    "severity": 1,
  },
  Object {
    "column": 1,
    "line": 36,
    "ruleId": "react/no-multi-comp",
    "severity": 1,
  },
  Object {
    "column": 21,
    "line": 36,
    "ruleId": "no-undef",
    "severity": 2,
  },
  Object {
    "column": 13,
    "line": 42,
    "ruleId": "arrow-parens",
    "severity": 1,
  },
  Object {
    "column": 14,
    "line": 42,
    "ruleId": "flowtype/require-parameter-type",
    "severity": 1,
  },
  Object {
    "column": 20,
    "line": 42,
    "ruleId": "no-empty-function",
    "severity": 2,
  },
  Object {
    "column": 7,
    "line": 51,
    "ruleId": "jsx-a11y/onclick-has-role",
    "severity": 1,
  },
  Object {
    "column": 7,
    "line": 51,
    "ruleId": "react/react-in-jsx-scope",
    "severity": 2,
  },
  Object {
    "column": 27,
    "line": 51,
    "ruleId": "react/jsx-handler-names",
    "severity": 2,
  },
  Object {
    "column": 1,
    "line": 59,
    "ruleId": "no-var",
    "severity": 2,
  },
  Object {
    "column": 5,
    "line": 63,
    "ruleId": "prefer-const",
    "severity": 2,
  },
  Object {
    "column": 3,
    "line": 66,
    "ruleId": "object-shorthand",
    "severity": 1,
  },
  Object {
    "column": 3,
    "line": 74,
    "ruleId": "func-names",
    "severity": 2,
  },
  Object {
    "column": 3,
    "line": 74,
    "ruleId": "prefer-arrow-callback",
    "severity": 2,
  },
  Object {
    "column": 12,
    "line": 76,
    "ruleId": "react/react-in-jsx-scope",
    "severity": 2,
  },
  Object {
    "column": 3,
    "line": 78,
    "ruleId": "flowtype/require-parameter-type",
    "severity": 1,
  },
  Object {
    "column": 5,
    "line": 80,
    "ruleId": "curly",
    "severity": 2,
  },
  Object {
    "column": 10,
    "line": 84,
    "ruleId": "flowtype/require-parameter-type",
    "severity": 1,
  },
  Object {
    "column": 15,
    "line": 84,
    "ruleId": "flowtype/require-parameter-type",
    "severity": 1,
  },
  Object {
    "column": 1,
    "line": 93,
    "ruleId": "no-console",
    "severity": 1,
  },
  Object {
    "column": 13,
    "line": 93,
    "ruleId": "prefer-template",
    "severity": 1,
  },
  Object {
    "column": 40,
    "line": 93,
    "ruleId": "semi",
    "severity": 2,
  },
]
`;
